---
source: crates/vespertide-exporter/src/tests/mod.rs
expression: rendered
---
use sea_orm::entity::prelude::*;

#[sea_orm::model]
#[derive(Clone, Debug, PartialEq, Eq, DeriveEntityModel)]
#[sea_orm(table_name = "products")]
pub struct Model {
    #[sea_orm(primary_key)]
    pub id: i32,
    #[sea_orm(default_value = 0)]
    pub price: Decimal,
}

vespera::schema_type!(Schema from Model, name = "ProductsSchema");
impl ActiveModelBehavior for ActiveModel {}
