---
source: crates/vespertide-exporter/src/tests/mod.rs
expression: rendered
---
from __future__ import annotations

from decimal import Decimal

from sqlalchemy import Integer, Numeric
from sqlalchemy.orm import DeclarativeBase, Mapped, mapped_column


class Products(DeclarativeBase):
    __tablename__ = "products"

    id: Mapped[int] = mapped_column(Integer, nullable=False)
    price: Mapped[Decimal] = mapped_column(Numeric(10, 2), nullable=False, server_default="0")
