---
source: crates/vespertide-exporter/src/tests/mod.rs
expression: rendered
---
model Child {
  /// References parent table
  parent_id Int @id @default(autoincrement())
  parent Parent @relation(fields: [parent_id], references: [id], onDelete: NoAction, onUpdate: NoAction)
  value String

  @@map("child")
}
